../Core/Src/main.c:123:5:main	8	static
../Core/Src/main.c:167:7:bootloader_uart_read_data	16	static
../Core/Src/main.c:214:6:bootloader_jump_to_user_app	16	static
../Core/Src/main.c:224:6:bootloader_handle_getver_cmd	32	static
../Core/Src/main.c:243:6:bootloader_handle_gethelp_cmd	24	static
../Core/Src/main.c:266:6:bootloader_handle_getcid_cmd	32	static
../Core/Src/main.c:287:6:bootloader_handle_getrdp_cmd	32	static
../Core/Src/main.c:304:6:bootloader_handle_go_cmd	64	static
../Core/Src/main.c:337:6:bootloader_handle_flash_erase_cmd	32	static
../Core/Src/main.c:355:6:bootloader_handle_mem_write_cmd	40	static
../Core/Src/main.c:386:9:execute_mem_write	40	static
../Core/Src/main.c:407:6:bootloader_send_ack	24	static
../Core/Src/main.c:415:6:bootloader_send_nack	16	static
../Core/Src/main.c:421:9:crc_verification	40	static
../Core/Src/main.c:437:9:get_bootloader_version	4	static
../Core/Src/main.c:442:6:bootloader_uart_write_data	16	static
../Core/Src/main.c:450:10:get_cid	16	static
../Core/Src/main.c:460:9:get_flash_rdp_level	24	static
../Core/Src/main.c:477:9:verify_address	16	static
../Core/Src/main.c:499:9:execute_flash_erase	48	static
../Core/Src/main.c:552:6:SystemClock_Config	88	static
../Core/Src/main.c:598:13:MX_CRC_Init	8	static
../Core/Src/main.c:624:13:MX_I2C1_Init	8	static
../Core/Src/main.c:658:13:MX_I2S3_Init	8	static
../Core/Src/main.c:692:13:MX_SPI1_Init	8	static
../Core/Src/main.c:730:13:MX_USART2_UART_Init	8	static
../Core/Src/main.c:763:13:MX_USART3_UART_Init	8	static
../Core/Src/main.c:796:13:MX_GPIO_Init	56	static
../Core/Src/main.c:899:6:Error_Handler	4	static,ignoring_inline_asm
