12:06:36 **** Incremental Build of configuration Debug for project bootloader ****
make -j4 all 
arm-none-eabi-gcc "../Core/Src/main.c" -mcpu=cortex-m4 -std=gnu11 -g3 -DDEBUG -DUSE_HAL_DRIVER -DSTM32F407xx -c -I../USB_HOST/App -I../USB_HOST/Target -I../Core/Inc -I../Drivers/STM32F4xx_HAL_Driver/Inc -I../Drivers/STM32F4xx_HAL_Driver/Inc/Legacy -I../Middlewares/ST/STM32_USB_Host_Library/Core/Inc -I../Middlewares/ST/STM32_USB_Host_Library/Class/CDC/Inc -I../Drivers/CMSIS/Device/ST/STM32F4xx/Include -I../Drivers/CMSIS/Include -O0 -ffunction-sections -fdata-sections -Wall -fstack-usage -fcyclomatic-complexity -MMD -MP -MF"Core/Src/main.d" -MT"Core/Src/main.o" --specs=nano.specs -mfpu=fpv4-sp-d16 -mfloat-abi=hard -mthumb -o "Core/Src/main.o"
arm-none-eabi-gcc -o "bootloader.elf" @"objects.list"   -mcpu=cortex-m4 -T"C:\Users\Paul Ferrer\Desktop\Embedded Projects\bootloader\STM32F407VGTX_FLASH.ld" --specs=nosys.specs -Wl,-Map="bootloader.map" -Wl,--gc-sections -static --specs=nano.specs -mfpu=fpv4-sp-d16 -mfloat-abi=hard -mthumb -Wl,--start-group -lc -lm -Wl,--end-group
Finished building target: bootloader.elf
 
arm-none-eabi-size   bootloader.elf 
arm-none-eabi-objdump -h -S  bootloader.elf  > "bootloader.list"
   text	   data	    bss	    dec	    hex	filename
  34044	    272	   4280	  38596	   96c4	bootloader.elf
Finished building: default.size.stdout
 
Finished building: bootloader.list
 
12:06:53 **** Incremental Build of configuration Debug for project bootloader ****
make -j4 all 
arm-none-eabi-size   bootloader.elf 
   text	   data	    bss	    dec	    hex	filename
  34044	    272	   4280	  38596	   96c4	bootloader.elf
Finished building: default.size.stdout
 
